<div>Hello from <span>test1</span></div>
<cat-test2><span>Hello from <span>test2</span>
	<cat-test3><span>test3</span><br><div>Hello, World!</div>
</cat-test3>
</span>
</cat-test2>
<cat-test3><span>test3</span><br><div>Hello, World!</div>
</cat-test3>
